bzip2-lib.tcz
expat2.tcz
fltk-1.3.tcz
fontconfig.tcz
freetype.tcz
gcc_libs.tcz
glib2.tcz
imlib2-bin.tcz
imlib2.tcz
libdrm.tcz
libEGL.tcz
libepoxy.tcz
libevdev.tcz
libffi.tcz
libfontenc.tcz
libFS.tcz
libGL.tcz
libICE.tcz
libinput.tcz
libjpeg-turbo.tcz
libpciaccess.tcz
libpng.tcz
libSM.tcz
libwacom.tcz
libX11.tcz
libXau.tcz
libXaw.tcz
libxcb.tcz
libXcomposite.tcz
libXcursor.tcz
libxcvt.tcz
libXdamage.tcz
libXdmcp.tcz
libXext.tcz
libXfixes.tcz
libXfont2.tcz
libXft.tcz
libXinerama.tcz
libXi.tcz
libxkbfile.tcz
libXmu.tcz
libXpm.tcz
libXrandr.tcz
libXrender.tcz
libXres.tcz
libxshmfence.tcz
libXss.tcz
libXtst.tcz
libXt.tcz
libXvmc.tcz
libXv.tcz
libXxf86dga.tcz
libXxf86vm.tcz
mtdev.tcz
openssl.tcz
pcre21042.tcz
pixman.tcz
udev-lib.tcz
xcursor-themes.tcz
xf86-input-libinput.tcz
xf86-video-fbdev.tcz
xf86-video-vesa.tcz
xkeyboard-config.tcz
Xlibs.tcz
Xorg-7.7-bin.tcz
Xorg-7.7-lib.tcz
Xorg-7.7.tcz
Xorg-fonts.tcz
xorg-server.tcz
Xprogs.tcz
